******************************************************************************
                  TI ARM Linker PC v5.1.10                     
******************************************************************************
>> Linked Sun Feb 08 16:21:37 2015

OUTPUT FILE NAME:   <uart_echo.out>
ENTRY POINT SYMBOL: "_c_int00"  address: 00002029


MEMORY CONFIGURATION

         name            origin    length      used     unused   attr    fill
----------------------  --------  ---------  --------  --------  ----  --------
  FLASH                 00000000   00040000  00003676  0003c98a  R  X
  SRAM                  20000000   00008000  00000450  00007bb0  RW X


SEGMENT ALLOCATION MAP

run origin  load origin   length   init length attrs members
----------  ----------- ---------- ----------- ----- -------
00000000    00000000    00003678   00003678    r-x
  00000000    00000000    0000026c   0000026c    r-- .intvecs
  0000026c    0000026c    00002206   00002206    r-x .text
  00002474    00002474    0000115c   0000115c    r-- .const
  000035d0    000035d0    000000a8   000000a8    r-- .cinit
20000000    20000000    00000450   00000000    rw-
  20000000    20000000    00000200   00000000    rw- .stack
  20000200    20000200    00000164   00000000    rw- .bss
  20000364    20000364    000000ec   00000000    rw- .data


SECTION ALLOCATION MAP

 output                                  attributes/
section   page    origin      length       input sections
--------  ----  ----------  ----------   ----------------
.init_array 
*          0    00000000    00000000     UNINITIALIZED

.intvecs   0    00000000    0000026c     
                  00000000    0000026c     startup_ccs.obj (.intvecs)

.text      0    0000026c    00002206     
                  0000026c    00000370     grlib.lib : image.obj (.text:InternalImageDraw)
                  000005dc    000002e4               : image.obj (.text:PixelTransparentDraw)
                  000008c0    00000256               : string.obj (.text:GrFontGlyphRender)
                  00000b16    00000002     startup_ccs.obj (.text:FaultISR)
                  00000b18    00000240     Kentec320x240x16_ssd2119_8bit.obj (.text:Kentec320x240x16_SSD2119Init)
                  00000d58    00000178     Kentec320x240x16_ssd2119_8bit.obj (.text:Kentec320x240x16_SSD2119PixelDrawMultiple)
                  00000ed0    00000176     grlib.lib : pushbutton.obj (.text:RectangularButtonPaint)
                  00001046    00000130     driverlib.lib : gpio.obj (.text:GPIOPadConfigSet)
                  00001176    00000002     startup_ccs.obj (.text:IntDefaultHandler)
                  00001178    00000118     Kentec320x240x16_ssd2119_8bit.obj (.text:Kentec320x240x16_SSD2119RectFill)
                  00001290    00000118     driverlib.lib : sysctl.obj (.text:SysCtlClockGet)
                  000013a8    00000104     uart_echo.obj (.text:main)
                  000014ac    000000f2     grlib.lib : pushbutton.obj (.text:RectangularButtonClick)
                  0000159e    00000002     Kentec320x240x16_ssd2119_8bit.obj (.text:Kentec320x240x16_SSD2119Flush)
                  000015a0    000000e8     grlib.lib : widget.obj (.text:WidgetMessageQueueAdd)
                  00001688    000000ce               : string.obj (.text:GrDefaultStringRenderer)
                  00001756    00000002     startup_ccs.obj (.text:NmiSR)
                  00001758    000000b4     grlib.lib : widget.obj (.text:WidgetMessageSendPostOrder)
                  0000180c    0000009c     Kentec320x240x16_ssd2119_8bit.obj (.text:InitGPIOLCDInterface)
                  000018a8    0000009c     rtsv7M4_T_le_v4SPD16_eabi.lib : memcpy_t2.obj (.text)
                  00001944    00000094                                   : auto_init.obj (.text)
                  000019d8    00000086     grlib.lib : rectangle.obj (.text:GrRectFill)
                  00001a5e    00000002     uart_echo.obj (.text:OnNext)
                  00001a60    00000080     Kentec320x240x16_ssd2119_8bit.obj (.text:Kentec320x240x16_SSD2119LineDrawH)
                  00001ae0    0000007c     Kentec320x240x16_ssd2119_8bit.obj (.text:Kentec320x240x16_SSD2119LineDrawV)
                  00001b5c    00000078     uart_echo.obj (.text:UARTIntHandler)
                  00001bd4    0000006a     grlib.lib : string.obj (.text:GrStringWidthGet)
                  00001c3e    00000002     uart_echo.obj (.text:OnPrevious)
                  00001c40    00000068     grlib.lib : context.obj (.text:GrContextInit)
                  00001ca8    00000066               : rectangle.obj (.text:GrRectDraw)
                  00001d0e    00000002     --HOLE-- [fill = 0]
                  00001d10    00000064               : widget.obj (.text:WidgetMessageQueueProcess)
                  00001d74    00000062               : context.obj (.text:GrContextClipRegionSet)
                  00001dd6    0000005e     rtsv7M4_T_le_v4SPD16_eabi.lib : copy_decompress_rle.obj (.text)
                  00001e34    0000005c     grlib.lib : widget.obj (.text:WidgetMessageSendPreOrder)
                  00001e90    0000005a               : string.obj (.text:FontWideGlyphDataGet)
                  00001eea    00000002     --HOLE-- [fill = 0]
                  00001eec    00000058     Kentec320x240x16_ssd2119_8bit.obj (.text:Kentec320x240x16_SSD2119PixelDraw)
                  00001f44    00000050     Kentec320x240x16_ssd2119_8bit.obj (.text:WriteCommandGPIO)
                  00001f94    0000004a     grlib.lib : string.obj (.text:UpdateContextCharMapping)
                  00001fde    00000002     --HOLE-- [fill = 0]
                  00001fe0    00000048     driverlib.lib : gpio.obj (.text:GPIOPinConfigure)
                  00002028    00000048     rtsv7M4_T_le_v4SPD16_eabi.lib : boot.obj (.text)
                  00002070    00000046     grlib.lib : line.obj (.text:GrLineDrawH)
                  000020b6    00000046               : line.obj (.text:GrLineDrawV)
                  000020fc    00000044     rtsv7M4_T_le_v4SPD16_eabi.lib : cpy_tbl.obj (.text)
                  00002140    00000044                                   : exit.obj (.text)
                  00002184    0000003c     Kentec320x240x16_ssd2119_8bit.obj (.text:WriteDataGPIO)
                  000021c0    0000003a     grlib.lib : string.obj (.text:FontGlyphDataGet)
                  000021fa    00000002     --HOLE-- [fill = 0]
                  000021fc    00000034     driverlib.lib : sysctl.obj (.text:SysCtlPeripheralEnable)
                  00002230    0000002e     grlib.lib : string.obj (.text:GrStringNextCharGet)
                  0000225e    0000002c               : string.obj (.text:GrFontBaselineGet)
                  0000228a    0000002a     driverlib.lib : gpio.obj (.text:GPIODirModeSet)
                  000022b4    0000002a     grlib.lib : widget.obj (.text:WidgetIsInTree)
                  000022de    00000028               : pushbutton.obj (.text:RectangularButtonMsgProc)
                  00002306    00000026               : string.obj (.text:GrFontInfoGet)
                  0000232c    00000024               : widget.obj (.text:WidgetAdd)
                  00002350    00000022               : string.obj (.text:GrFontGlyphDataGet)
                  00002372    0000001e               : string.obj (.text:GrFontCodepageGet)
                  00002390    00000018     driverlib.lib : gpio.obj (.text:GPIOPinTypeGPIOOutput)
                  000023a8    00000018     rtsv7M4_T_le_v4SPD16_eabi.lib : args_main.obj (.text)
                  000023c0    00000016     grlib.lib : string.obj (.text:GrStringDraw)
                  000023d6    00000016     Kentec320x240x16_ssd2119_8bit.obj (.text:Kentec320x240x16_SSD2119ColorTranslate)
                  000023ec    00000014     grlib.lib : widget.obj (.text:WidgetMutexGet)
                  00002400    00000014     rtsv7M4_T_le_v4SPD16_eabi.lib : _lock.obj (.text)
                  00002414    00000012                                   : copy_zero_init.obj (.text:decompress:ZI)
                  00002426    0000000e     grlib.lib : image.obj (.text:GrImageDraw)
                  00002434    0000000e     rtsv7M4_T_le_v4SPD16_eabi.lib : copy_decompress_none.obj (.text:decompress:none)
                  00002442    00000008     grlib.lib : charmap.obj (.text:GrMapISO8859_1_Unicode)
                  0000244a    00000006     driverlib.lib : gpio.obj (.text:GPIOPinWrite)
                  00002450    00000006     grlib.lib : string.obj (.text:GrContextFontSet)
                  00002456    00000006     startup_ccs.obj (.text:ResetISR)
                  0000245c    00000006     driverlib.lib : sysctl.obj (.text:SysCtlDelay)
                  00002462    00000006     grlib.lib : widget.obj (.text:WidgetMutexPut)
                  00002468    00000006     rtsv7M4_T_le_v4SPD16_eabi.lib : copy_decompress_rle.obj (.text:decompress:rle24)
                  0000246e    00000004     grlib.lib : widget.obj (.text:WidgetDefaultMsgProc)

.const     0    00002474    0000115c     
                  00002474    0000095e     grlib.lib : fontcm20.obj (.const:.string:g_pui8Cm20Data)
                  00002dd2    00000210     images.obj (.const:.string:g_pucBlue50x50)
                  00002fe2    0000020e     images.obj (.const:.string:g_pucBlue50x50Press)
                  000031f0    000001e2     uart_echo.obj (.const:.string)
                  000033d2    00000002     --HOLE-- [fill = 0]
                  000033d4    000000c8     grlib.lib : fontcm20.obj (.const:g_sFontCm20)
                  0000349c    00000090     driverlib.lib : gpio.obj (.const:g_pui32GPIOBaseAddrs)
                  0000352c    0000006c                   : sysctl.obj (.const:g_pui32Xtals)
                  00003598    00000028     Kentec320x240x16_ssd2119_8bit.obj (.const:g_sKentec320x240x16_SSD2119)
                  000035c0    00000010     grlib.lib : context.obj (.const)

.cinit     0    000035d0    000000a8     
                  000035d0    00000082     (.cinit..data.load) [load image, compression = rle]
                  00003652    00000002     --HOLE-- [fill = 0]
                  00003654    0000000c     (__TI_handler_table)
                  00003660    00000008     (.cinit..bss.load) [load image, compression = zero_init]
                  00003668    00000010     (__TI_cinit_table)

.stack     0    20000000    00000200     UNINITIALIZED
                  20000000    00000200     --HOLE--

.bss       0    20000200    00000164     UNINITIALIZED
                  20000200    00000140     grlib.lib : widget.obj (.bss:g_psMQ)
                  20000340    00000020     (.common:g_pui8Dictionary)
                  20000360    00000004     (.common:g_psGrLibDefaults)

.data      0    20000364    000000ec     UNINITIALIZED
                  20000364    00000050     uart_echo.obj (.data:g_sNext)
                  200003b4    00000050     uart_echo.obj (.data:g_sPrevious)
                  20000404    0000002d     grlib.lib : widget.obj (.data)
                  20000431    00000003     --HOLE--
                  20000434    00000008     Kentec320x240x16_ssd2119_8bit.obj (.data)
                  2000043c    00000008     rtsv7M4_T_le_v4SPD16_eabi.lib : _lock.obj (.data)
                  20000444    00000008                                   : exit.obj (.data)
                  2000044c    00000004                                   : stkdepth_vars.obj (.data)


LINKER GENERATED COPY TABLES

__TI_cinit_table @ 00003668 records: 2, size/record: 8, table size: 16
	.data: load addr=000035d0, load size=00000082 bytes, run addr=20000364, run size=000000ec bytes, compression=rle
	.bss: load addr=00003660, load size=00000008 bytes, run addr=20000200, run size=00000164 bytes, compression=zero_init


LINKER GENERATED HANDLER TABLE

__TI_handler_table @ 00003654 records: 3, size/record: 4, table size: 12
	index: 0, handler: __TI_decompress_rle24
	index: 1, handler: __TI_decompress_none
	index: 2, handler: __TI_zero_init


GLOBAL SYMBOLS: SORTED ALPHABETICALLY BY Name 

address    name
--------   ----
00002141   C$$EXIT
0000228b   GPIODirModeSet
00001047   GPIOPadConfigSet
00001fe1   GPIOPinConfigure
00002391   GPIOPinTypeGPIOOutput
0000244b   GPIOPinWrite
00001d75   GrContextClipRegionSet
00002451   GrContextFontSet
00001c41   GrContextInit
00001689   GrDefaultStringRenderer
0000225f   GrFontBaselineGet
00002373   GrFontCodepageGet
00002351   GrFontGlyphDataGet
000008c1   GrFontGlyphRender
00002307   GrFontInfoGet
00002427   GrImageDraw
00002071   GrLineDrawH
000020b7   GrLineDrawV
00002443   GrMapISO8859_1_Unicode
00001ca9   GrRectDraw
000019d9   GrRectFill
000023c1   GrStringDraw
00002231   GrStringNextCharGet
00001bd5   GrStringWidthGet
00000b19   Kentec320x240x16_SSD2119Init
00001a5f   OnNext
00001c3f   OnPrevious
000022df   RectangularButtonMsgProc
00002457   ResetISR
UNDEFED    SHT$$INIT_ARRAY$$Base
UNDEFED    SHT$$INIT_ARRAY$$Limit
00001291   SysCtlClockGet
0000245d   SysCtlDelay
000021fd   SysCtlPeripheralEnable
00001b5d   UARTIntHandler
0000232d   WidgetAdd
0000246f   WidgetDefaultMsgProc
000015a1   WidgetMessageQueueAdd
00001d11   WidgetMessageQueueProcess
00001759   WidgetMessageSendPostOrder
00001e35   WidgetMessageSendPreOrder
000023ed   WidgetMutexGet
00002463   WidgetMutexPut
20000438   WriteCommand
20000434   WriteData
20000200   __STACK_END
00000200   __STACK_SIZE
20000200   __STACK_TOP
00003668   __TI_CINIT_Base
00003678   __TI_CINIT_Limit
00003654   __TI_Handler_Table_Base
00003660   __TI_Handler_Table_Limit
00000001   __TI_args_main
00001945   __TI_auto_init
20000444   __TI_cleanup_ptr
00002435   __TI_decompress_none
00002469   __TI_decompress_rle24
20000448   __TI_dtors_ptr
00000000   __TI_static_base__
00002415   __TI_zero_init
000018a9   __aeabi_memcpy
000018a9   __aeabi_memcpy4
000018a9   __aeabi_memcpy8
ffffffff   __binit__
ffffffff   __c_args__
20000000   __stack
000023a9   _args_main
00002029   _c_int00
2000043c   _lock
0000240f   _nop
00002407   _register_lock
00002401   _register_unlock
20000440   _unlock
00002145   abort
ffffffff   binit
000020fd   copy_in
0000214d   exit
00000000   g_pfnVectors
000035c0   g_psDefaultCodePointMapTable
00002dd2   g_pucBlue50x50
00002fe2   g_pucBlue50x50Press
000033d4   g_sFontCm20
00003598   g_sKentec320x240x16_SSD2119
20000364   g_sNext
200003b4   g_sPrevious
20000404   g_sRoot
000013a9   main
2000044c   main_func_sp
000018a9   memcpy


GLOBAL SYMBOLS: SORTED BY Symbol Address 

address    name
--------   ----
00000000   __TI_static_base__
00000000   g_pfnVectors
00000001   __TI_args_main
00000200   __STACK_SIZE
000008c1   GrFontGlyphRender
00000b19   Kentec320x240x16_SSD2119Init
00001047   GPIOPadConfigSet
00001291   SysCtlClockGet
000013a9   main
000015a1   WidgetMessageQueueAdd
00001689   GrDefaultStringRenderer
00001759   WidgetMessageSendPostOrder
000018a9   __aeabi_memcpy
000018a9   __aeabi_memcpy4
000018a9   __aeabi_memcpy8
000018a9   memcpy
00001945   __TI_auto_init
000019d9   GrRectFill
00001a5f   OnNext
00001b5d   UARTIntHandler
00001bd5   GrStringWidthGet
00001c3f   OnPrevious
00001c41   GrContextInit
00001ca9   GrRectDraw
00001d11   WidgetMessageQueueProcess
00001d75   GrContextClipRegionSet
00001e35   WidgetMessageSendPreOrder
00001fe1   GPIOPinConfigure
00002029   _c_int00
00002071   GrLineDrawH
000020b7   GrLineDrawV
000020fd   copy_in
00002141   C$$EXIT
00002145   abort
0000214d   exit
000021fd   SysCtlPeripheralEnable
00002231   GrStringNextCharGet
0000225f   GrFontBaselineGet
0000228b   GPIODirModeSet
000022df   RectangularButtonMsgProc
00002307   GrFontInfoGet
0000232d   WidgetAdd
00002351   GrFontGlyphDataGet
00002373   GrFontCodepageGet
00002391   GPIOPinTypeGPIOOutput
000023a9   _args_main
000023c1   GrStringDraw
000023ed   WidgetMutexGet
00002401   _register_unlock
00002407   _register_lock
0000240f   _nop
00002415   __TI_zero_init
00002427   GrImageDraw
00002435   __TI_decompress_none
00002443   GrMapISO8859_1_Unicode
0000244b   GPIOPinWrite
00002451   GrContextFontSet
00002457   ResetISR
0000245d   SysCtlDelay
00002463   WidgetMutexPut
00002469   __TI_decompress_rle24
0000246f   WidgetDefaultMsgProc
00002dd2   g_pucBlue50x50
00002fe2   g_pucBlue50x50Press
000033d4   g_sFontCm20
00003598   g_sKentec320x240x16_SSD2119
000035c0   g_psDefaultCodePointMapTable
00003654   __TI_Handler_Table_Base
00003660   __TI_Handler_Table_Limit
00003668   __TI_CINIT_Base
00003678   __TI_CINIT_Limit
20000000   __stack
20000200   __STACK_END
20000200   __STACK_TOP
20000364   g_sNext
200003b4   g_sPrevious
20000404   g_sRoot
20000434   WriteData
20000438   WriteCommand
2000043c   _lock
20000440   _unlock
20000444   __TI_cleanup_ptr
20000448   __TI_dtors_ptr
2000044c   main_func_sp
ffffffff   __binit__
ffffffff   __c_args__
ffffffff   binit
UNDEFED    SHT$$INIT_ARRAY$$Base
UNDEFED    SHT$$INIT_ARRAY$$Limit

[89 symbols]
